[init] 已生成 config/app.json
[init] 已生成 config/secret.json (API Key: 2ab04559-3978-4edc-a098-fac3d0168a58)
[backup] 启动备份完成: /tmp/rs002.Z198He/data/backups/data-20260912-015917.db

╔══════════════════════════════════════════════════════════════════════════════╗
║                                                                              ║
║  ██████╗ ███████╗███████╗ ██████╗ ██╗   ██╗██████╗  ██████╗███████╗██████╗   ║
║  ██╔══██╗██╔════╝██╔════╝██╔═══██╗██║   ██║██╔══██╗██╔════╝██╔════╝██╔══██╗  ║
║  ██████╔╝█████╗  ███████╗██║   ██║██║   ██║██████╔╝██║     █████╗  ██████╔╝  ║
║  ██╔══██╗██╔══╝  ╚════██║██║   ██║██║   ██║██╔══██╗██║     ██╔══╝  ██╔══██╗  ║
║  ██║  ██║███████╗███████║╚██████╔╝╚██████╔╝██║  ██║╚██████╗███████╗██║  ██║  ║
║  ╚═╝  ╚═╝╚══════╝╚══════╝ ╚═════╝  ╚═════╝ ╚═╝  ╚═╝ ╚═════╝╚══════╝╚═╝  ╚═╝  ║
║                                                                              ║
║                                 S E R V E R                                  ║
╚══════════════════════════════════════════════════════════════════════════════╝

  [32m✓[0m db: 136.0 KB  [32m✓[0m ffmpeg  [32m✓[0m ffprobe
[metrics] collector started (30s interval, 24h retention)
┌──────────────────────────────────────────────────────────────────────────────┐
│  API:  http://192.168.0.147:1234                                            │
│  Key:  2ab04559-3978-4edc-a098-fac3d0168a58                                 │
└──────────────────────────────────────────────────────────────────────────────┘

[metrics] first snapshot: CPU 2.7%, Mem 11.8 GB
[2026-09-12T11:59:54.269165+10:00] GET /api/health HTTP/1.1 - 0.08ms (200)
[2026-09-12T11:59:54.332332+10:00] POST /api/config/sources/add HTTP/1.1 - 1.34ms (200)
[2026-09-12T11:59:54.341201+10:00] POST /api/indexer/scan HTTP/1.1 - 0.08ms (200)
[2026-09-12T11:59:56.403919+10:00] GET /api/indexer/files HTTP/1.1 - 6.45ms (200)
[2026-09-12T11:59:56.482431+10:00] POST /api/favorite/toggle HTTP/1.1 - 1.71ms (200)
[2026-09-12T11:59:56.548281+10:00] GET /api/favorite/status HTTP/1.1 - 1.35ms (200)
[2026-09-12T11:59:56.601666+10:00] POST /api/favorite/toggle HTTP/1.1 - 1.32ms (200)
[2026-09-12T11:59:56.657810+10:00] GET /api/favorite/status HTTP/1.1 - 1.04ms (200)
[2026-09-12T11:59:56.669696+10:00] POST /api/favorite/toggle HTTP/1.1 - 1.04ms (200)
[2026-09-12T11:59:56.680747+10:00] POST /api/favorite/toggle HTTP/1.1 - 0.84ms (200)
[2026-09-12T11:59:56.727548+10:00] GET /api/favorite/status HTTP/1.1 - 0.69ms (200)
[2026-09-12T11:59:56.775104+10:00] POST /api/favorite/toggle HTTP/1.1 - 1.14ms (200)
[2026-09-12T11:59:56.820868+10:00] POST /api/favorite/toggle HTTP/1.1 - 0.07ms (400)
[2026-09-12T11:59:56.831664+10:00] POST /api/favorite/toggle HTTP/1.1 - 0.05ms (400)
[2026-09-12T11:59:56.839881+10:00] POST /api/favorite/toggle HTTP/1.1 - 0.02ms (401)
[2026-09-12T11:59:56.851319+10:00] POST /api/favorite/toggle HTTP/1.1 - 1.32ms (200)
[2026-09-12T11:59:58.008796+10:00] POST /api/favorite/toggle HTTP/1.1 - 5.38ms (200)
[2026-09-12T11:59:59.172393+10:00] POST /api/favorite/toggle HTTP/1.1 - 4.73ms (200)
[2026-09-12T11:59:59.195777+10:00] GET /api/favorite/list HTTP/1.1 - 1.71ms (200)
[2026-09-12T11:59:59.412462+10:00] GET /api/favorite/list HTTP/1.1 - 1.13ms (200)
[2026-09-12T11:59:59.461063+10:00] GET /api/favorite/list HTTP/1.1 - 0.89ms (200)
[2026-09-12T11:59:59.506244+10:00] GET /api/favorite/list HTTP/1.1 - 0.89ms (200)
[2026-09-12T11:59:59.586673+10:00] GET /api/favorite/list HTTP/1.1 - 1.10ms (200)
[2026-09-12T11:59:59.706562+10:00] GET /api/favorite/list HTTP/1.1 - 0.05ms (400)
[2026-09-12T11:59:59.715242+10:00] GET /api/favorite/list HTTP/1.1 - 1.08ms (200)
[2026-09-12T11:59:59.757831+10:00] GET /api/favorite/status HTTP/1.1 - 0.77ms (200)
[2026-09-12T11:59:59.844700+10:00] GET /api/favorite/status HTTP/1.1 - 1.05ms (200)
[2026-09-12T11:59:59.887920+10:00] GET /api/favorite/status HTTP/1.1 - 0.08ms (200)
[2026-09-12T11:59:59.900151+10:00] GET /api/favorite/status HTTP/1.1 - 0.03ms (400)
[2026-09-12T11:59:59.913559+10:00] POST /api/indexer/scan HTTP/1.1 - 0.07ms (200)
强制重建：已标记 1 个缺失文件
[2026-09-12T12:00:01.987569+10:00] GET /api/favorite/list HTTP/1.1 - 1.78ms (200)
[2026-09-12T12:00:02.105410+10:00] GET /api/playlist HTTP/1.1 - 2.72ms (200)
[2026-09-12T12:00:02.116602+10:00] GET /api/playlist HTTP/1.1 - 0.04ms (400)
[2026-09-12T12:00:02.128850+10:00] GET /api/tag/list HTTP/1.1 - 1.08ms (200)
[2026-09-12T12:00:02.140311+10:00] GET /api/config/state HTTP/1.1 - 0.69ms (200)
[2026-09-12T12:00:02.151523+10:00] POST /api/browser/browse HTTP/1.1 - 0.15ms (200)
[2026-09-12T12:00:02.164342+10:00] GET /api/indexer/files HTTP/1.1 - 2.28ms (200)
