[backup] 启动备份完成: /tmp/rs002.Z198He/data/backups/data-20260912-020002.db

╔══════════════════════════════════════════════════════════════════════════════╗
║                                                                              ║
║  ██████╗ ███████╗███████╗ ██████╗ ██╗   ██╗██████╗  ██████╗███████╗██████╗   ║
║  ██╔══██╗██╔════╝██╔════╝██╔═══██╗██║   ██║██╔══██╗██╔════╝██╔════╝██╔══██╗  ║
║  ██████╔╝█████╗  ███████╗██║   ██║██║   ██║██████╔╝██║     █████╗  ██████╔╝  ║
║  ██╔══██╗██╔══╝  ╚════██║██║   ██║██║   ██║██╔══██╗██║     ██╔══╝  ██╔══██╗  ║
║  ██║  ██║███████╗███████║╚██████╔╝╚██████╔╝██║  ██║╚██████╗███████╗██║  ██║  ║
║  ╚═╝  ╚═╝╚══════╝╚══════╝ ╚═════╝  ╚═════╝ ╚═╝  ╚═╝ ╚═════╝╚══════╝╚═╝  ╚═╝  ║
║                                                                              ║
║                                 S E R V E R                                  ║
╚══════════════════════════════════════════════════════════════════════════════╝

  [32m✓[0m db: 136.0 KB  [32m✓[0m ffmpeg  [32m✓[0m ffprobe
[metrics] collector started (30s interval, 24h retention)
┌──────────────────────────────────────────────────────────────────────────────┐
│  API:  http://192.168.0.147:1234                                            │
│  Key:  2ab04559-3978-4edc-a098-fac3d0168a58                                 │
└──────────────────────────────────────────────────────────────────────────────┘

[metrics] first snapshot: CPU 4.1%, Mem 11.9 GB
[2026-09-12T12:00:03.447040+10:00] GET /api/health HTTP/1.1 - 0.13ms (200)
[2026-09-12T12:00:03.476032+10:00] GET /api/favorite/status HTTP/1.1 - 2.12ms (200)
[2026-09-12T12:00:03.552811+10:00] GET /api/favorite/list HTTP/1.1 - 1.47ms (200)
[2026-09-12T12:00:03.643438+10:00] POST /api/favorite/toggle HTTP/1.1 - 1.63ms (200)
