### cargo check
warning: struct `FolderInfo` is never constructed
  --> src/preview/models.rs:33:12
   |
33 | pub struct FolderInfo {
   |            ^^^^^^^^^^
   |
   = note: `#[warn(dead_code)]` (part of `#[warn(unused)]`) on by default

warning: struct `FoldersResponse` is never constructed
  --> src/preview/models.rs:48:12
   |
48 | pub struct FoldersResponse {
   |            ^^^^^^^^^^^^^^^

warning: `re-sourcer` (bin "re-sourcer") generated 2 warnings
    Finished `dev` profile [unoptimized + debuginfo] target(s) in 0.11s
exit=0

### cargo test
warning: struct `FolderInfo` is never constructed
  --> src/preview/models.rs:33:12
   |
33 | pub struct FolderInfo {
   |            ^^^^^^^^^^
   |
   = note: `#[warn(dead_code)]` (part of `#[warn(unused)]`) on by default

warning: struct `FoldersResponse` is never constructed
  --> src/preview/models.rs:48:12
   |
48 | pub struct FoldersResponse {
   |            ^^^^^^^^^^^^^^^

warning: `re-sourcer` (bin "re-sourcer" test) generated 2 warnings
    Finished `test` profile [unoptimized + debuginfo] target(s) in 0.10s
     Running unittests src/main.rs (server/target/debug/deps/re_sourcer-71b4a35849750ad7)

running 2 tests
test transfer::download::downloaders::ytdlp::tests::test_parse_progress_no_match ... ok
test transfer::download::downloaders::ytdlp::tests::test_parse_progress ... ok

test result: ok. 2 passed; 0 failed; 0 ignored; 0 measured; 0 filtered out; finished in 0.00s

exit=0
