Command line invocation:
    /Applications/Xcode.app/Contents/Developer/usr/bin/xcodebuild -scheme ReSourcer -destination id=575B910A-8F00-40D9-A501-C28C7A3199F0 -derivedDataPath /tmp/rs004-dd build

ComputePackagePrebuildTargetDependencyGraph

Prepare packages

CreateBuildRequest

SendProjectDescription

CreateBuildOperation

ComputeTargetDependencyGraph
note: Building targets in dependency order
note: Target dependency graph (1 target)
    Target 'ReSourcer' in project 'ReSourcer' (no dependencies)

GatherProvisioningInputs

CreateBuildDescription

ExecuteExternalTool /Applications/Xcode.app/Contents/Developer/Toolchains/XcodeDefault.xctoolchain/usr/bin/clang -v -E -dM -isysroot /Applications/Xcode.app/Contents/Developer/Platforms/iPhoneSimulator.platform/Developer/SDKs/iPhoneSimulator26.2.sdk -x c -c /dev/null

ExecuteExternalTool /Applications/Xcode.app/Contents/Developer/Toolchains/XcodeDefault.xctoolchain/usr/bin/clang -v -E -dM -arch arm64 -isysroot /Applications/Xcode.app/Contents/Developer/Platforms/iPhoneSimulator.platform/Developer/SDKs/iPhoneSimulator26.2.sdk -x objective-c -c /dev/null

ExecuteExternalTool /Applications/Xcode.app/Contents/Developer/Toolchains/XcodeDefault.xctoolchain/usr/bin/clang -v -E -dM -arch arm64 -isysroot /Applications/Xcode.app/Contents/Developer/Platforms/iPhoneSimulator.platform/Developer/SDKs/iPhoneSimulator26.2.sdk -x c -c /dev/null

ExecuteExternalTool /Applications/Xcode.app/Contents/Developer/usr/bin/actool --print-asset-tag-combinations --output-format xml1 /Users/ericwang/Documents/GitHub/ReSourcer/iOS/ReSourcer/Preview Content/Preview Assets.xcassets /Users/ericwang/Documents/GitHub/ReSourcer/iOS/ReSourcer/Assets.xcassets

ExecuteExternalTool /Applications/Xcode.app/Contents/Developer/usr/bin/actool --version --output-format xml1

ExecuteExternalTool /Applications/Xcode.app/Contents/Developer/Toolchains/XcodeDefault.xctoolchain/usr/bin/swiftc --version

ExecuteExternalTool /Applications/Xcode.app/Contents/Developer/Toolchains/XcodeDefault.xctoolchain/usr/bin/ld -version_details

Build description signature: 5e0342afaec7fa295ec206ae793164b2
Build description path: /tmp/rs004-dd/Build/Intermediates.noindex/XCBuildData/5e0342afaec7fa295ec206ae793164b2.xcbuilddata
ClangStatCache /Applications/Xcode.app/Contents/Developer/Toolchains/XcodeDefault.xctoolchain/usr/bin/clang-stat-cache /Applications/Xcode.app/Contents/Developer/Platforms/iPhoneSimulator.platform/Developer/SDKs/iPhoneSimulator26.2.sdk /tmp/rs004-dd/SDKStatCaches.noindex/iphonesimulator26.2-23C53-7d00a8b37fbd7999ea79df8ebc024bf0.sdkstatcache
    cd /Users/ericwang/Documents/GitHub/ReSourcer/iOS/ReSourcer.xcodeproj
    /Applications/Xcode.app/Contents/Developer/Toolchains/XcodeDefault.xctoolchain/usr/bin/clang-stat-cache /Applications/Xcode.app/Contents/Developer/Platforms/iPhoneSimulator.platform/Developer/SDKs/iPhoneSimulator26.2.sdk -o /tmp/rs004-dd/SDKStatCaches.noindex/iphonesimulator26.2-23C53-7d00a8b37fbd7999ea79df8ebc024bf0.sdkstatcache

ProcessProductPackaging "" /tmp/rs004-dd/Build/Intermediates.noindex/ReSourcer.build/Debug-iphonesimulator/ReSourcer.build/ReSourcer.app-Simulated.xcent (in target 'ReSourcer' from project 'ReSourcer')
    cd /Users/ericwang/Documents/GitHub/ReSourcer/iOS
    
    Entitlements:
    
    {
    "application-identifier" = "925YHK2R4K.com.resourcer.apple";
}
    
    builtin-productPackagingUtility -entitlements -format xml -o /tmp/rs004-dd/Build/Intermediates.noindex/ReSourcer.build/Debug-iphonesimulator/ReSourcer.build/ReSourcer.app-Simulated.xcent

ProcessProductPackagingDER /tmp/rs004-dd/Build/Intermediates.noindex/ReSourcer.build/Debug-iphonesimulator/ReSourcer.build/ReSourcer.app-Simulated.xcent /tmp/rs004-dd/Build/Intermediates.noindex/ReSourcer.build/Debug-iphonesimulator/ReSourcer.build/ReSourcer.app-Simulated.xcent.der (in target 'ReSourcer' from project 'ReSourcer')
    cd /Users/ericwang/Documents/GitHub/ReSourcer/iOS
    /usr/bin/derq query -f xml -i /tmp/rs004-dd/Build/Intermediates.noindex/ReSourcer.build/Debug-iphonesimulator/ReSourcer.build/ReSourcer.app-Simulated.xcent -o /tmp/rs004-dd/Build/Intermediates.noindex/ReSourcer.build/Debug-iphonesimulator/ReSourcer.build/ReSourcer.app-Simulated.xcent.der --raw

SwiftDriver ReSourcer normal arm64 com.apple.xcode.tools.swift.compiler (in target 'ReSourcer' from project 'ReSourcer')
    cd /Users/ericwang/Documents/GitHub/ReSourcer/iOS
    builtin-SwiftDriver -- /Applications/Xcode.app/Contents/Developer/Toolchains/XcodeDefault.xctoolchain/usr/bin/swiftc -module-name ReSourcer -Onone -enforce-exclusivity\=checked @/tmp/rs004-dd/Build/Intermediates.noindex/ReSourcer.build/Debug-iphonesimulator/ReSourcer.build/Objects-normal/arm64/ReSourcer.SwiftFileList -DDEBUG -enable-experimental-feature DebugDescriptionMacro -sdk /Applications/Xcode.app/Contents/Developer/Platforms/iPhoneSimulator.platform/Developer/SDKs/iPhoneSimulator26.2.sdk -target arm64-apple-ios18.0-simulator -g -module-cache-path /tmp/rs004-dd/ModuleCache.noindex -Xfrontend -serialize-debugging-options -enable-testing -index-store-path /tmp/rs004-dd/Index.noindex/DataStore -Xcc -D_LIBCPP_HARDENING_MODE\=_LIBCPP_HARDENING_MODE_DEBUG -swift-version 6 -I /tmp/rs004-dd/Build/Products/Debug-iphonesimulator -F /tmp/rs004-dd/Build/Products/Debug-iphonesimulator -emit-localized-strings -emit-localized-strings-path /tmp/rs004-dd/Build/Intermediates.noindex/ReSourcer.build/Debug-iphonesimulator/ReSourcer.build/Objects-normal/arm64 -c -j11 -enable-batch-mode -incremental -Xcc -ivfsstatcache -Xcc /tmp/rs004-dd/SDKStatCaches.noindex/iphonesimulator26.2-23C53-7d00a8b37fbd7999ea79df8ebc024bf0.sdkstatcache -output-file-map /tmp/rs004-dd/Build/Intermediates.noindex/ReSourcer.build/Debug-iphonesimulator/ReSourcer.build/Objects-normal/arm64/ReSourcer-OutputFileMap.json -use-frontend-parseable-output -save-temps -no-color-diagnostics -explicit-module-build -module-cache-path /tmp/rs004-dd/Build/Intermediates.noindex/SwiftExplicitPrecompiledModules -clang-scanner-module-cache-path /tmp/rs004-dd/ModuleCache.noindex -sdk-module-cache-path /tmp/rs004-dd/ModuleCache.noindex -serialize-diagnostics -emit-dependencies -emit-module -emit-module-path /tmp/rs004-dd/Build/Intermediates.noindex/ReSourcer.build/Debug-iphonesimulator/ReSourcer.build/Objects-normal/arm64/ReSourcer.swiftmodule -validate-clang-modules-once -clang-build-session-file /tmp/rs004-dd/ModuleCache.noindex/Session.modulevalidation -Xcc -I/tmp/rs004-dd/Build/Intermediates.noindex/ReSourcer.build/Debug-iphonesimulator/ReSourcer.build/swift-overrides.hmap -emit-const-values -Xfrontend -const-gather-protocols-file -Xfrontend /tmp/rs004-dd/Build/Intermediates.noindex/ReSourcer.build/Debug-iphonesimulator/ReSourcer.build/Objects-normal/arm64/ReSourcer_const_extract_protocols.json -Xcc -iquote -Xcc /tmp/rs004-dd/Build/Intermediates.noindex/ReSourcer.build/Debug-iphonesimulator/ReSourcer.build/ReSourcer-generated-files.hmap -Xcc -I/tmp/rs004-dd/Build/Intermediates.noindex/ReSourcer.build/Debug-iphonesimulator/ReSourcer.build/ReSourcer-own-target-headers.hmap -Xcc -I/tmp/rs004-dd/Build/Intermediates.noindex/ReSourcer.build/Debug-iphonesimulator/ReSourcer.build/ReSourcer-all-target-headers.hmap -Xcc -iquote -Xcc /tmp/rs004-dd/Build/Intermediates.noindex/ReSourcer.build/Debug-iphonesimulator/ReSourcer.build/ReSourcer-project-headers.hmap -Xcc -I/tmp/rs004-dd/Build/Products/Debug-iphonesimulator/include -Xcc -I/tmp/rs004-dd/Build/Intermediates.noindex/ReSourcer.build/Debug-iphonesimulator/ReSourcer.build/DerivedSources-normal/arm64 -Xcc -I/tmp/rs004-dd/Build/Intermediates.noindex/ReSourcer.build/Debug-iphonesimulator/ReSourcer.build/DerivedSources/arm64 -Xcc -I/tmp/rs004-dd/Build/Intermediates.noindex/ReSourcer.build/Debug-iphonesimulator/ReSourcer.build/DerivedSources -Xcc -DDEBUG\=1 -emit-objc-header -emit-objc-header-path /tmp/rs004-dd/Build/Intermediates.noindex/ReSourcer.build/Debug-iphonesimulator/ReSourcer.build/Objects-normal/arm64/ReSourcer-Swift.h -import-objc-header /Users/ericwang/Documents/GitHub/ReSourcer/iOS/ReSourcer/ReSourcer-Bridging-Header.h -working-directory /Users/ericwang/Documents/GitHub/ReSourcer/iOS -experimental-emit-module-separately -disable-cmo

SwiftGeneratePch normal arm64 Compiling\ bridging\ header (in target 'ReSourcer' from project 'ReSourcer')

SwiftDriverJobDiscovery normal arm64 Compiling bridging header (in target 'ReSourcer' from project 'ReSourcer')

SwiftEmitModule normal arm64 Emitting\ module\ for\ ReSourcer (in target 'ReSourcer' from project 'ReSourcer')

EmitSwiftModule normal arm64 (in target 'ReSourcer' from project 'ReSourcer')
    cd /Users/ericwang/Documents/GitHub/ReSourcer/iOS
    

SwiftCompile normal arm64 Compiling\ LongPressDismissGesture.swift /Users/ericwang/Documents/GitHub/ReSourcer/iOS/ReSourcer/Views/Gallery/Gestures/LongPressDismissGesture.swift (in target 'ReSourcer' from project 'ReSourcer')

SwiftCompile normal arm64 /Users/ericwang/Documents/GitHub/ReSourcer/iOS/ReSourcer/Views/Gallery/Gestures/LongPressDismissGesture.swift (in target 'ReSourcer' from project 'ReSourcer')
    cd /Users/ericwang/Documents/GitHub/ReSourcer/iOS
    

SwiftDriverJobDiscovery normal arm64 Compiling LongPressDismissGesture.swift (in target 'ReSourcer' from project 'ReSourcer')

SwiftCompile normal arm64 Compiling\ FilePreviewView.swift /Users/ericwang/Documents/GitHub/ReSourcer/iOS/ReSourcer/Views/Gallery/FilePreviewView.swift (in target 'ReSourcer' from project 'ReSourcer')
SwiftCompile normal arm64 /Users/ericwang/Documents/GitHub/ReSourcer/iOS/ReSourcer/Views/Gallery/FilePreviewView.swift (in target 'ReSourcer' from project 'ReSourcer')
    cd /Users/ericwang/Documents/GitHub/ReSourcer/iOS
    

SwiftDriverJobDiscovery normal arm64 Emitting module for ReSourcer (in target 'ReSourcer' from project 'ReSourcer')

SwiftDriver\ Compilation\ Requirements ReSourcer normal arm64 com.apple.xcode.tools.swift.compiler (in target 'ReSourcer' from project 'ReSourcer')
    cd /Users/ericwang/Documents/GitHub/ReSourcer/iOS
    builtin-Swift-Compilation-Requirements -- /Applications/Xcode.app/Contents/Developer/Toolchains/XcodeDefault.xctoolchain/usr/bin/swiftc -module-name ReSourcer -Onone -enforce-exclusivity\=checked @/tmp/rs004-dd/Build/Intermediates.noindex/ReSourcer.build/Debug-iphonesimulator/ReSourcer.build/Objects-normal/arm64/ReSourcer.SwiftFileList -DDEBUG -enable-experimental-feature DebugDescriptionMacro -sdk /Applications/Xcode.app/Contents/Developer/Platforms/iPhoneSimulator.platform/Developer/SDKs/iPhoneSimulator26.2.sdk -target arm64-apple-ios18.0-simulator -g -module-cache-path /tmp/rs004-dd/ModuleCache.noindex -Xfrontend -serialize-debugging-options -enable-testing -index-store-path /tmp/rs004-dd/Index.noindex/DataStore -Xcc -D_LIBCPP_HARDENING_MODE\=_LIBCPP_HARDENING_MODE_DEBUG -swift-version 6 -I /tmp/rs004-dd/Build/Products/Debug-iphonesimulator -F /tmp/rs004-dd/Build/Products/Debug-iphonesimulator -emit-localized-strings -emit-localized-strings-path /tmp/rs004-dd/Build/Intermediates.noindex/ReSourcer.build/Debug-iphonesimulator/ReSourcer.build/Objects-normal/arm64 -c -j11 -enable-batch-mode -incremental -Xcc -ivfsstatcache -Xcc /tmp/rs004-dd/SDKStatCaches.noindex/iphonesimulator26.2-23C53-7d00a8b37fbd7999ea79df8ebc024bf0.sdkstatcache -output-file-map /tmp/rs004-dd/Build/Intermediates.noindex/ReSourcer.build/Debug-iphonesimulator/ReSourcer.build/Objects-normal/arm64/ReSourcer-OutputFileMap.json -use-frontend-parseable-output -save-temps -no-color-diagnostics -explicit-module-build -module-cache-path /tmp/rs004-dd/Build/Intermediates.noindex/SwiftExplicitPrecompiledModules -clang-scanner-module-cache-path /tmp/rs004-dd/ModuleCache.noindex -sdk-module-cache-path /tmp/rs004-dd/ModuleCache.noindex -serialize-diagnostics -emit-dependencies -emit-module -emit-module-path /tmp/rs004-dd/Build/Intermediates.noindex/ReSourcer.build/Debug-iphonesimulator/ReSourcer.build/Objects-normal/arm64/ReSourcer.swiftmodule -validate-clang-modules-once -clang-build-session-file /tmp/rs004-dd/ModuleCache.noindex/Session.modulevalidation -Xcc -I/tmp/rs004-dd/Build/Intermediates.noindex/ReSourcer.build/Debug-iphonesimulator/ReSourcer.build/swift-overrides.hmap -emit-const-values -Xfrontend -const-gather-protocols-file -Xfrontend /tmp/rs004-dd/Build/Intermediates.noindex/ReSourcer.build/Debug-iphonesimulator/ReSourcer.build/Objects-normal/arm64/ReSourcer_const_extract_protocols.json -Xcc -iquote -Xcc /tmp/rs004-dd/Build/Intermediates.noindex/ReSourcer.build/Debug-iphonesimulator/ReSourcer.build/ReSourcer-generated-files.hmap -Xcc -I/tmp/rs004-dd/Build/Intermediates.noindex/ReSourcer.build/Debug-iphonesimulator/ReSourcer.build/ReSourcer-own-target-headers.hmap -Xcc -I/tmp/rs004-dd/Build/Intermediates.noindex/ReSourcer.build/Debug-iphonesimulator/ReSourcer.build/ReSourcer-all-target-headers.hmap -Xcc -iquote -Xcc /tmp/rs004-dd/Build/Intermediates.noindex/ReSourcer.build/Debug-iphonesimulator/ReSourcer.build/ReSourcer-project-headers.hmap -Xcc -I/tmp/rs004-dd/Build/Products/Debug-iphonesimulator/include -Xcc -I/tmp/rs004-dd/Build/Intermediates.noindex/ReSourcer.build/Debug-iphonesimulator/ReSourcer.build/DerivedSources-normal/arm64 -Xcc -I/tmp/rs004-dd/Build/Intermediates.noindex/ReSourcer.build/Debug-iphonesimulator/ReSourcer.build/DerivedSources/arm64 -Xcc -I/tmp/rs004-dd/Build/Intermediates.noindex/ReSourcer.build/Debug-iphonesimulator/ReSourcer.build/DerivedSources -Xcc -DDEBUG\=1 -emit-objc-header -emit-objc-header-path /tmp/rs004-dd/Build/Intermediates.noindex/ReSourcer.build/Debug-iphonesimulator/ReSourcer.build/Objects-normal/arm64/ReSourcer-Swift.h -import-objc-header /Users/ericwang/Documents/GitHub/ReSourcer/iOS/ReSourcer/ReSourcer-Bridging-Header.h -working-directory /Users/ericwang/Documents/GitHub/ReSourcer/iOS -experimental-emit-module-separately -disable-cmo

SwiftDriverJobDiscovery normal arm64 Compiling FilePreviewView.swift (in target 'ReSourcer' from project 'ReSourcer')

SwiftDriver\ Compilation ReSourcer normal arm64 com.apple.xcode.tools.swift.compiler (in target 'ReSourcer' from project 'ReSourcer')
    cd /Users/ericwang/Documents/GitHub/ReSourcer/iOS
    builtin-Swift-Compilation -- /Applications/Xcode.app/Contents/Developer/Toolchains/XcodeDefault.xctoolchain/usr/bin/swiftc -module-name ReSourcer -Onone -enforce-exclusivity\=checked @/tmp/rs004-dd/Build/Intermediates.noindex/ReSourcer.build/Debug-iphonesimulator/ReSourcer.build/Objects-normal/arm64/ReSourcer.SwiftFileList -DDEBUG -enable-experimental-feature DebugDescriptionMacro -sdk /Applications/Xcode.app/Contents/Developer/Platforms/iPhoneSimulator.platform/Developer/SDKs/iPhoneSimulator26.2.sdk -target arm64-apple-ios18.0-simulator -g -module-cache-path /tmp/rs004-dd/ModuleCache.noindex -Xfrontend -serialize-debugging-options -enable-testing -index-store-path /tmp/rs004-dd/Index.noindex/DataStore -Xcc -D_LIBCPP_HARDENING_MODE\=_LIBCPP_HARDENING_MODE_DEBUG -swift-version 6 -I /tmp/rs004-dd/Build/Products/Debug-iphonesimulator -F /tmp/rs004-dd/Build/Products/Debug-iphonesimulator -emit-localized-strings -emit-localized-strings-path /tmp/rs004-dd/Build/Intermediates.noindex/ReSourcer.build/Debug-iphonesimulator/ReSourcer.build/Objects-normal/arm64 -c -j11 -enable-batch-mode -incremental -Xcc -ivfsstatcache -Xcc /tmp/rs004-dd/SDKStatCaches.noindex/iphonesimulator26.2-23C53-7d00a8b37fbd7999ea79df8ebc024bf0.sdkstatcache -output-file-map /tmp/rs004-dd/Build/Intermediates.noindex/ReSourcer.build/Debug-iphonesimulator/ReSourcer.build/Objects-normal/arm64/ReSourcer-OutputFileMap.json -use-frontend-parseable-output -save-temps -no-color-diagnostics -explicit-module-build -module-cache-path /tmp/rs004-dd/Build/Intermediates.noindex/SwiftExplicitPrecompiledModules -clang-scanner-module-cache-path /tmp/rs004-dd/ModuleCache.noindex -sdk-module-cache-path /tmp/rs004-dd/ModuleCache.noindex -serialize-diagnostics -emit-dependencies -emit-module -emit-module-path /tmp/rs004-dd/Build/Intermediates.noindex/ReSourcer.build/Debug-iphonesimulator/ReSourcer.build/Objects-normal/arm64/ReSourcer.swiftmodule -validate-clang-modules-once -clang-build-session-file /tmp/rs004-dd/ModuleCache.noindex/Session.modulevalidation -Xcc -I/tmp/rs004-dd/Build/Intermediates.noindex/ReSourcer.build/Debug-iphonesimulator/ReSourcer.build/swift-overrides.hmap -emit-const-values -Xfrontend -const-gather-protocols-file -Xfrontend /tmp/rs004-dd/Build/Intermediates.noindex/ReSourcer.build/Debug-iphonesimulator/ReSourcer.build/Objects-normal/arm64/ReSourcer_const_extract_protocols.json -Xcc -iquote -Xcc /tmp/rs004-dd/Build/Intermediates.noindex/ReSourcer.build/Debug-iphonesimulator/ReSourcer.build/ReSourcer-generated-files.hmap -Xcc -I/tmp/rs004-dd/Build/Intermediates.noindex/ReSourcer.build/Debug-iphonesimulator/ReSourcer.build/ReSourcer-own-target-headers.hmap -Xcc -I/tmp/rs004-dd/Build/Intermediates.noindex/ReSourcer.build/Debug-iphonesimulator/ReSourcer.build/ReSourcer-all-target-headers.hmap -Xcc -iquote -Xcc /tmp/rs004-dd/Build/Intermediates.noindex/ReSourcer.build/Debug-iphonesimulator/ReSourcer.build/ReSourcer-project-headers.hmap -Xcc -I/tmp/rs004-dd/Build/Products/Debug-iphonesimulator/include -Xcc -I/tmp/rs004-dd/Build/Intermediates.noindex/ReSourcer.build/Debug-iphonesimulator/ReSourcer.build/DerivedSources-normal/arm64 -Xcc -I/tmp/rs004-dd/Build/Intermediates.noindex/ReSourcer.build/Debug-iphonesimulator/ReSourcer.build/DerivedSources/arm64 -Xcc -I/tmp/rs004-dd/Build/Intermediates.noindex/ReSourcer.build/Debug-iphonesimulator/ReSourcer.build/DerivedSources -Xcc -DDEBUG\=1 -emit-objc-header -emit-objc-header-path /tmp/rs004-dd/Build/Intermediates.noindex/ReSourcer.build/Debug-iphonesimulator/ReSourcer.build/Objects-normal/arm64/ReSourcer-Swift.h -import-objc-header /Users/ericwang/Documents/GitHub/ReSourcer/iOS/ReSourcer/ReSourcer-Bridging-Header.h -working-directory /Users/ericwang/Documents/GitHub/ReSourcer/iOS -experimental-emit-module-separately -disable-cmo

Ld /tmp/rs004-dd/Build/Products/Debug-iphonesimulator/ReSourcer.app/ReSourcer.debug.dylib normal (in target 'ReSourcer' from project 'ReSourcer')
    cd /Users/ericwang/Documents/GitHub/ReSourcer/iOS
    /Applications/Xcode.app/Contents/Developer/Toolchains/XcodeDefault.xctoolchain/usr/bin/clang -Xlinker -reproducible -target arm64-apple-ios18.0-simulator -dynamiclib -isysroot /Applications/Xcode.app/Contents/Developer/Platforms/iPhoneSimulator.platform/Developer/SDKs/iPhoneSimulator26.2.sdk -O0 -L/tmp/rs004-dd/Build/Intermediates.noindex/EagerLinkingTBDs/Debug-iphonesimulator -L/tmp/rs004-dd/Build/Products/Debug-iphonesimulator -F/tmp/rs004-dd/Build/Intermediates.noindex/EagerLinkingTBDs/Debug-iphonesimulator -F/tmp/rs004-dd/Build/Products/Debug-iphonesimulator -filelist /tmp/rs004-dd/Build/Intermediates.noindex/ReSourcer.build/Debug-iphonesimulator/ReSourcer.build/Objects-normal/arm64/ReSourcer.LinkFileList -install_name @rpath/ReSourcer.debug.dylib -Xlinker -rpath -Xlinker /usr/lib/swift -Xlinker -rpath -Xlinker @executable_path/Frameworks -dead_strip -Xlinker -object_path_lto -Xlinker /tmp/rs004-dd/Build/Intermediates.noindex/ReSourcer.build/Debug-iphonesimulator/ReSourcer.build/Objects-normal/arm64/ReSourcer_lto.o -rdynamic -Xlinker -no_deduplicate -Xlinker -objc_abi_version -Xlinker 2 -Xlinker -dependency_info -Xlinker /tmp/rs004-dd/Build/Intermediates.noindex/ReSourcer.build/Debug-iphonesimulator/ReSourcer.build/Objects-normal/arm64/ReSourcer_dependency_info.dat -fobjc-arc -fobjc-link-runtime -L/Applications/Xcode.app/Contents/Developer/Toolchains/XcodeDefault.xctoolchain/usr/lib/swift/iphonesimulator -L/usr/lib/swift -Xlinker -add_ast_path -Xlinker /tmp/rs004-dd/Build/Intermediates.noindex/ReSourcer.build/Debug-iphonesimulator/ReSourcer.build/Objects-normal/arm64/ReSourcer.swiftmodule @/tmp/rs004-dd/Build/Intermediates.noindex/ReSourcer.build/Debug-iphonesimulator/ReSourcer.build/Objects-normal/arm64/ReSourcer-linker-args.resp -Xlinker -alias -Xlinker _main -Xlinker ___debug_main_executable_dylib_entry_point -Xlinker -no_adhoc_codesign -o /tmp/rs004-dd/Build/Products/Debug-iphonesimulator/ReSourcer.app/ReSourcer.debug.dylib

Copy /tmp/rs004-dd/Build/Products/Debug-iphonesimulator/ReSourcer.swiftmodule/arm64-apple-ios-simulator.swiftdoc /tmp/rs004-dd/Build/Intermediates.noindex/ReSourcer.build/Debug-iphonesimulator/ReSourcer.build/Objects-normal/arm64/ReSourcer.swiftdoc (in target 'ReSourcer' from project 'ReSourcer')
    cd /Users/ericwang/Documents/GitHub/ReSourcer/iOS
    builtin-copy -exclude .DS_Store -exclude CVS -exclude .svn -exclude .git -exclude .hg -resolve-src-symlinks -rename /tmp/rs004-dd/Build/Intermediates.noindex/ReSourcer.build/Debug-iphonesimulator/ReSourcer.build/Objects-normal/arm64/ReSourcer.swiftdoc /tmp/rs004-dd/Build/Products/Debug-iphonesimulator/ReSourcer.swiftmodule/arm64-apple-ios-simulator.swiftdoc

Copy /tmp/rs004-dd/Build/Products/Debug-iphonesimulator/ReSourcer.swiftmodule/arm64-apple-ios-simulator.abi.json /tmp/rs004-dd/Build/Intermediates.noindex/ReSourcer.build/Debug-iphonesimulator/ReSourcer.build/Objects-normal/arm64/ReSourcer.abi.json (in target 'ReSourcer' from project 'ReSourcer')
    cd /Users/ericwang/Documents/GitHub/ReSourcer/iOS
    builtin-copy -exclude .DS_Store -exclude CVS -exclude .svn -exclude .git -exclude .hg -resolve-src-symlinks -rename /tmp/rs004-dd/Build/Intermediates.noindex/ReSourcer.build/Debug-iphonesimulator/ReSourcer.build/Objects-normal/arm64/ReSourcer.abi.json /tmp/rs004-dd/Build/Products/Debug-iphonesimulator/ReSourcer.swiftmodule/arm64-apple-ios-simulator.abi.json

Copy /tmp/rs004-dd/Build/Products/Debug-iphonesimulator/ReSourcer.swiftmodule/arm64-apple-ios-simulator.swiftmodule /tmp/rs004-dd/Build/Intermediates.noindex/ReSourcer.build/Debug-iphonesimulator/ReSourcer.build/Objects-normal/arm64/ReSourcer.swiftmodule (in target 'ReSourcer' from project 'ReSourcer')
    cd /Users/ericwang/Documents/GitHub/ReSourcer/iOS
    builtin-copy -exclude .DS_Store -exclude CVS -exclude .svn -exclude .git -exclude .hg -resolve-src-symlinks -rename /tmp/rs004-dd/Build/Intermediates.noindex/ReSourcer.build/Debug-iphonesimulator/ReSourcer.build/Objects-normal/arm64/ReSourcer.swiftmodule /tmp/rs004-dd/Build/Products/Debug-iphonesimulator/ReSourcer.swiftmodule/arm64-apple-ios-simulator.swiftmodule

Copy /tmp/rs004-dd/Build/Products/Debug-iphonesimulator/ReSourcer.swiftmodule/Project/arm64-apple-ios-simulator.swiftsourceinfo /tmp/rs004-dd/Build/Intermediates.noindex/ReSourcer.build/Debug-iphonesimulator/ReSourcer.build/Objects-normal/arm64/ReSourcer.swiftsourceinfo (in target 'ReSourcer' from project 'ReSourcer')
    cd /Users/ericwang/Documents/GitHub/ReSourcer/iOS
    builtin-copy -exclude .DS_Store -exclude CVS -exclude .svn -exclude .git -exclude .hg -resolve-src-symlinks -rename /tmp/rs004-dd/Build/Intermediates.noindex/ReSourcer.build/Debug-iphonesimulator/ReSourcer.build/Objects-normal/arm64/ReSourcer.swiftsourceinfo /tmp/rs004-dd/Build/Products/Debug-iphonesimulator/ReSourcer.swiftmodule/Project/arm64-apple-ios-simulator.swiftsourceinfo

ConstructStubExecutorLinkFileList /tmp/rs004-dd/Build/Intermediates.noindex/ReSourcer.build/Debug-iphonesimulator/ReSourcer.build/ReSourcer-ExecutorLinkFileList-normal-arm64.txt (in target 'ReSourcer' from project 'ReSourcer')
    cd /Users/ericwang/Documents/GitHub/ReSourcer/iOS
    construct-stub-executor-link-file-list /tmp/rs004-dd/Build/Products/Debug-iphonesimulator/ReSourcer.app/ReSourcer.debug.dylib /Applications/Xcode.app/Contents/Developer/Platforms/iPhoneSimulator.platform/Developer/usr/lib/libPreviewsJITStubExecutor_no_swift_entry_point.a /Applications/Xcode.app/Contents/Developer/Platforms/iPhoneSimulator.platform/Developer/usr/lib/libPreviewsJITStubExecutor.a --output /tmp/rs004-dd/Build/Intermediates.noindex/ReSourcer.build/Debug-iphonesimulator/ReSourcer.build/ReSourcer-ExecutorLinkFileList-normal-arm64.txt
note: Using stub executor library with Swift entry point. (in target 'ReSourcer' from project 'ReSourcer')

Ld /tmp/rs004-dd/Build/Products/Debug-iphonesimulator/ReSourcer.app/ReSourcer normal (in target 'ReSourcer' from project 'ReSourcer')
    cd /Users/ericwang/Documents/GitHub/ReSourcer/iOS
    /Applications/Xcode.app/Contents/Developer/Toolchains/XcodeDefault.xctoolchain/usr/bin/clang -Xlinker -reproducible -target arm64-apple-ios18.0-simulator -isysroot /Applications/Xcode.app/Contents/Developer/Platforms/iPhoneSimulator.platform/Developer/SDKs/iPhoneSimulator26.2.sdk -O0 -L/tmp/rs004-dd/Build/Products/Debug-iphonesimulator -F/tmp/rs004-dd/Build/Products/Debug-iphonesimulator -Xlinker -rpath -Xlinker @executable_path -Xlinker -rpath -Xlinker @executable_path/Frameworks -rdynamic -Xlinker -no_deduplicate -Xlinker -objc_abi_version -Xlinker 2 -e ___debug_blank_executor_main -Xlinker -sectcreate -Xlinker __TEXT -Xlinker __debug_dylib -Xlinker /tmp/rs004-dd/Build/Intermediates.noindex/ReSourcer.build/Debug-iphonesimulator/ReSourcer.build/ReSourcer-DebugDylibPath-normal-arm64.txt -Xlinker -sectcreate -Xlinker __TEXT -Xlinker __debug_instlnm -Xlinker /tmp/rs004-dd/Build/Intermediates.noindex/ReSourcer.build/Debug-iphonesimulator/ReSourcer.build/ReSourcer-DebugDylibInstallName-normal-arm64.txt -Xlinker -filelist -Xlinker /tmp/rs004-dd/Build/Intermediates.noindex/ReSourcer.build/Debug-iphonesimulator/ReSourcer.build/ReSourcer-ExecutorLinkFileList-normal-arm64.txt -Xlinker -sectcreate -Xlinker __TEXT -Xlinker __entitlements -Xlinker /tmp/rs004-dd/Build/Intermediates.noindex/ReSourcer.build/Debug-iphonesimulator/ReSourcer.build/ReSourcer.app-Simulated.xcent -Xlinker -sectcreate -Xlinker __TEXT -Xlinker __ents_der -Xlinker /tmp/rs004-dd/Build/Intermediates.noindex/ReSourcer.build/Debug-iphonesimulator/ReSourcer.build/ReSourcer.app-Simulated.xcent.der /tmp/rs004-dd/Build/Products/Debug-iphonesimulator/ReSourcer.app/ReSourcer.debug.dylib -Xlinker -no_adhoc_codesign -o /tmp/rs004-dd/Build/Products/Debug-iphonesimulator/ReSourcer.app/ReSourcer

ExtractAppIntentsMetadata (in target 'ReSourcer' from project 'ReSourcer')
    cd /Users/ericwang/Documents/GitHub/ReSourcer/iOS
    /Applications/Xcode.app/Contents/Developer/Toolchains/XcodeDefault.xctoolchain/usr/bin/appintentsmetadataprocessor --toolchain-dir /Applications/Xcode.app/Contents/Developer/Toolchains/XcodeDefault.xctoolchain --module-name ReSourcer --sdk-root /Applications/Xcode.app/Contents/Developer/Platforms/iPhoneSimulator.platform/Developer/SDKs/iPhoneSimulator26.2.sdk --xcode-version 17C52 --platform-family iOS --deployment-target 18.0 --bundle-identifier com.resourcer.apple --output /tmp/rs004-dd/Build/Products/Debug-iphonesimulator/ReSourcer.app --target-triple arm64-apple-ios18.0-simulator --binary-file /tmp/rs004-dd/Build/Products/Debug-iphonesimulator/ReSourcer.app/ReSourcer --dependency-file /tmp/rs004-dd/Build/Intermediates.noindex/ReSourcer.build/Debug-iphonesimulator/ReSourcer.build/Objects-normal/arm64/ReSourcer_dependency_info.dat --stringsdata-file /tmp/rs004-dd/Build/Intermediates.noindex/ReSourcer.build/Debug-iphonesimulator/ReSourcer.build/Objects-normal/arm64/ExtractedAppShortcutsMetadata.stringsdata --source-file-list /tmp/rs004-dd/Build/Intermediates.noindex/ReSourcer.build/Debug-iphonesimulator/ReSourcer.build/Objects-normal/arm64/ReSourcer.SwiftFileList --metadata-file-list /tmp/rs004-dd/Build/Intermediates.noindex/ReSourcer.build/Debug-iphonesimulator/ReSourcer.build/ReSourcer.DependencyMetadataFileList --static-metadata-file-list /tmp/rs004-dd/Build/Intermediates.noindex/ReSourcer.build/Debug-iphonesimulator/ReSourcer.build/ReSourcer.DependencyStaticMetadataFileList --swift-const-vals-list /tmp/rs004-dd/Build/Intermediates.noindex/ReSourcer.build/Debug-iphonesimulator/ReSourcer.build/Objects-normal/arm64/ReSourcer.SwiftConstValuesFileList --compile-time-extraction --deployment-aware-processing --validate-assistant-intents --no-app-shortcuts-localization
2026-09-12 13:19:27.803 appintentsmetadataprocessor[61375:31428526] Starting appintentsmetadataprocessor export
2026-09-12 13:19:27.804 appintentsmetadataprocessor[61375:31428526] warning: Metadata extraction skipped. No AppIntents.framework dependency found.

ProcessInfoPlistFile /tmp/rs004-dd/Build/Products/Debug-iphonesimulator/ReSourcer.app/Info.plist /Users/ericwang/Documents/GitHub/ReSourcer/iOS/ReSourcer/Info.plist (in target 'ReSourcer' from project 'ReSourcer')
    cd /Users/ericwang/Documents/GitHub/ReSourcer/iOS
    builtin-infoPlistUtility /Users/ericwang/Documents/GitHub/ReSourcer/iOS/ReSourcer/Info.plist -producttype com.apple.product-type.application -genpkginfo /tmp/rs004-dd/Build/Products/Debug-iphonesimulator/ReSourcer.app/PkgInfo -expandbuildsettings -format binary -platform iphonesimulator -additionalcontentfile /tmp/rs004-dd/Build/Intermediates.noindex/ReSourcer.build/Debug-iphonesimulator/ReSourcer.build/assetcatalog_generated_info.plist -o /tmp/rs004-dd/Build/Products/Debug-iphonesimulator/ReSourcer.app/Info.plist

CopySwiftLibs /tmp/rs004-dd/Build/Products/Debug-iphonesimulator/ReSourcer.app (in target 'ReSourcer' from project 'ReSourcer')
    cd /Users/ericwang/Documents/GitHub/ReSourcer/iOS
    builtin-swiftStdLibTool --copy --verbose --sign - --scan-executable /tmp/rs004-dd/Build/Products/Debug-iphonesimulator/ReSourcer.app/ReSourcer.debug.dylib --scan-folder /tmp/rs004-dd/Build/Products/Debug-iphonesimulator/ReSourcer.app/Frameworks --scan-folder /tmp/rs004-dd/Build/Products/Debug-iphonesimulator/ReSourcer.app/PlugIns --scan-folder /tmp/rs004-dd/Build/Products/Debug-iphonesimulator/ReSourcer.app/SystemExtensions --scan-folder /tmp/rs004-dd/Build/Products/Debug-iphonesimulator/ReSourcer.app/Extensions --platform iphonesimulator --toolchain /Applications/Xcode.app/Contents/Developer/Toolchains/XcodeDefault.xctoolchain --destination /tmp/rs004-dd/Build/Products/Debug-iphonesimulator/ReSourcer.app/Frameworks --strip-bitcode --strip-bitcode-tool /Applications/Xcode.app/Contents/Developer/Toolchains/XcodeDefault.xctoolchain/usr/bin/bitcode_strip --emit-dependency-info /tmp/rs004-dd/Build/Intermediates.noindex/ReSourcer.build/Debug-iphonesimulator/ReSourcer.build/SwiftStdLibToolInputDependencies.dep --filter-for-swift-os

CodeSign /tmp/rs004-dd/Build/Products/Debug-iphonesimulator/ReSourcer.app/ReSourcer.debug.dylib (in target 'ReSourcer' from project 'ReSourcer')
    cd /Users/ericwang/Documents/GitHub/ReSourcer/iOS
    
    Signing Identity:     "Sign to Run Locally"
    
    /usr/bin/codesign --force --sign - --timestamp\=none --generate-entitlement-der /tmp/rs004-dd/Build/Products/Debug-iphonesimulator/ReSourcer.app/ReSourcer.debug.dylib

CodeSign /tmp/rs004-dd/Build/Products/Debug-iphonesimulator/ReSourcer.app/__preview.dylib (in target 'ReSourcer' from project 'ReSourcer')
    cd /Users/ericwang/Documents/GitHub/ReSourcer/iOS
    
    Signing Identity:     "Sign to Run Locally"
    
    /usr/bin/codesign --force --sign - --timestamp\=none --generate-entitlement-der /tmp/rs004-dd/Build/Products/Debug-iphonesimulator/ReSourcer.app/__preview.dylib
/tmp/rs004-dd/Build/Products/Debug-iphonesimulator/ReSourcer.app/__preview.dylib: replacing existing signature

CodeSign /tmp/rs004-dd/Build/Products/Debug-iphonesimulator/ReSourcer.app (in target 'ReSourcer' from project 'ReSourcer')
    cd /Users/ericwang/Documents/GitHub/ReSourcer/iOS
    
    Signing Identity:     "Sign to Run Locally"
    
    /usr/bin/codesign --force --sign - --timestamp\=none --generate-entitlement-der /tmp/rs004-dd/Build/Products/Debug-iphonesimulator/ReSourcer.app

Validate /tmp/rs004-dd/Build/Products/Debug-iphonesimulator/ReSourcer.app (in target 'ReSourcer' from project 'ReSourcer')
    cd /Users/ericwang/Documents/GitHub/ReSourcer/iOS
    builtin-validationUtility /tmp/rs004-dd/Build/Products/Debug-iphonesimulator/ReSourcer.app -shallow-bundle -infoplist-subpath Info.plist

** BUILD SUCCEEDED **

EXIT: 0
