RS-004 UI 自动化（tke steps + WDA W3C actions 做带停顿/慢速的复合手势）步骤摘要
完整报告 ui/report.html；截图 ui/screenshots/（已转 jpg）；原始产物 ~/.toolkit/tke/logs/RS-004/
设备: iPhone 17 Pro 模拟器 (iOS 26.2)；server: 127.0.0.1:1234, RESOURCER_DIR=/tmp/rs004-work/data, 源文件夹 /private/tmp/rs004-work/media
WDA 脚本手势（wda-hold.sh / wda-press-drag.sh / wda-move-hold.sh / wda-press-drag-hold.sh）没有 step 编号，证据是 *-burst.jpg（simctl 连拍）和 ac6-move-then-hold-trials.txt

OK   screenshots/step_001.png     启动 [com.resourcer.apple]
OK   screenshots/step_002.png     阶段 [AC2 图片预览长按退出]
OK   screenshots/step_003.png     点击 [坐标@(217,613)]
FAIL screenshots/step_004.png     等待 [1.5s]  !! 无效的参数: 无法解析等待参数: 1.5s
OK   screenshots/step_005.png     截图 [AC2 起点：图片预览页 img3-blue.png 已打开]
OK   screenshots/step_006.png     按压 [坐标@(603,1300), 1000]
OK   screenshots/step_007.png     等到 [MP4, 5s]
OK   screenshots/step_008.png     断言 [MP4, 包含]
OK   screenshots/step_009.png     断言 [img3-blue.png, 不包含]
OK   screenshots/step_010.png     截图 [AC2 长按后：期望回到 Gallery 列表]
OK   screenshots/step_011.png     阶段 [回归：单击图片不应退出]
OK   screenshots/step_012.png     点击 [坐标@(217,613)]
OK   screenshots/step_013.png     等到 [img3-blue.png, 5s]
OK   screenshots/step_014.png     点击 [坐标@(603,1300)]
OK   screenshots/step_015.png     等待 [1s]
OK   screenshots/step_016.png     断言 [MP4, 不包含]
OK   screenshots/step_017.png     按压 [坐标@(603,1300), 300]
OK   screenshots/step_018.png     等待 [1s]
OK   screenshots/step_019.png     断言 [MP4, 不包含]
OK   screenshots/step_020.png     截图 [单击/短按后仍停留在预览页]
OK   screenshots/step_021.png     阶段 [AC6 按住后移动不退出]
OK   screenshots/step_022.png     断言 [MP4, 不包含]
OK   screenshots/step_023.png     截图 [AC6 图片：按住后拖动 150pt 松开，期望仍在预览页（可能已翻页）]
OK   screenshots/step_024.png     截图 [AC6 视频起点：video120.mp4 预览页，记录当前时间]
OK   screenshots/step_025.png     点击 [坐标@(603,1000)]
OK   screenshots/step_026.png     断言 [video120.mp4, 包含]
OK   screenshots/step_027.png     截图 [AC6 视频：seek 拖动后仍在预览页，时间应已前跳约 40s]
OK   screenshots/step_028.png     阶段 [AC3 视频预览长按退出]
OK   screenshots/step_029.png     截图 [AC3 起点：video120.mp4 预览页]
OK   screenshots/step_030.png     等到 [MP4, 5s]
OK   screenshots/step_031.png     断言 [MP4, 包含]
OK   screenshots/step_032.png     断言 [video120.mp4, 不包含]
OK   screenshots/step_033.png     截图 [AC3 长按视频画面后：期望回到 Gallery 列表]
OK   screenshots/step_034.png     阶段 [AC4 长按文件名 Capsule 仍弹快捷操作面板]
OK   screenshots/step_035.png     点击 [坐标@(217,613)]
OK   screenshots/step_036.png     等到 [img3-blue.png, 5s]
OK   screenshots/step_037.png     按压 [img3-blue.png, 1000]
OK   screenshots/step_038.png     等到 [确认, 5s]
OK   screenshots/step_039.png     断言 [确认, 包含]
OK   screenshots/step_040.png     断言 [MP4, 不包含]
OK   screenshots/step_041.png     截图 [AC4：长按文件名 Capsule 后的快捷操作面板]
OK   screenshots/step_042.png     点击 [取消]
OK   screenshots/step_043.png     等到 [确认, 消失, 5s]
OK   screenshots/step_044.png     阶段 [AC5 长按播放模式按钮仍弹播放列表]
OK   screenshots/step_045.png     按压 [坐标@(1098,270), 1000]
OK   screenshots/step_046.png     等到 [video120.mp4, 5s]
OK   screenshots/step_047.png     断言 [video120.mp4, 包含]
OK   screenshots/step_048.png     断言 [img2-green.png, 包含]
OK   screenshots/step_049.png     截图 [AC5：长按播放模式按钮后的播放列表 popover]
OK   screenshots/step_050.png     点击 [坐标@(603,2000)]
OK   screenshots/step_051.png     等到 [img1-red.png, 消失, 5s]
OK   screenshots/step_052.png     断言 [img3-blue.png, 包含]
OK   screenshots/step_053.png     阶段 [AC7 左上角关闭按钮仍可用]
OK   screenshots/step_054.png     点击 [坐标@(105,270)]
OK   screenshots/step_055.png     等到 [MP4, 5s]
OK   screenshots/step_056.png     断言 [MP4, 包含]
OK   screenshots/step_057.png     断言 [img3-blue.png, 不包含]
OK   screenshots/step_058.png     截图 [AC7：点关闭按钮后回到 Gallery]
OK   screenshots/step_059.png     阶段 [回归：放大态平移不退出 + 翻页/底部按钮]
OK   screenshots/step_060.png     点击 [坐标@(217,613)]
OK   screenshots/step_061.png     等到 [img3-blue.png, 5s]
OK   screenshots/step_062.png     截图 [回归起点：img3-blue.png 1x]
OK   screenshots/step_063.png     断言 [img3-blue.png, 包含]
OK   screenshots/step_064.png     断言 [MP4, 不包含]
OK   screenshots/step_065.png     截图 [回归：放大态拖动后仍在 img3-blue.png 预览]
OK   screenshots/step_066.png     截图 [双击后缩放重置为 1x（应重新看到上下黑边）]
OK   screenshots/step_067.png     点击 [坐标@(1062,2478)]
OK   screenshots/step_068.png     等到 [img2-green.png, 5s]
OK   screenshots/step_069.png     断言 [img2-green.png, 包含]
OK   screenshots/step_070.png     滑动 [坐标@(300,1300), 坐标@(900,1300), 300]
OK   screenshots/step_071.png     等到 [img3-blue.png, 5s]
OK   screenshots/step_072.png     断言 [img3-blue.png, 包含]
OK   screenshots/step_073.png     截图 [回归：底部按钮 + 滑动翻页均正常]
OK   screenshots/step_074.png     阶段 [边界：先移动 40pt 再停住 1s → 不应退出；原地抖动 8pt 长按 → 应退出]
OK   screenshots/step_075.png     断言 [img3-blue.png, 包含]
FAIL screenshots/step_076.png     断言 [MP4, 不包含]  !! 脚本执行错误: 断言失败：期望页面不包含「MP4」，实际找到了
OK   screenshots/step_077.png     点击 [坐标@(217,613)]
OK   screenshots/step_078.png     等到 [img3-blue.png, 5s]
OK   screenshots/step_079.png     截图 [E1 起点：img3-blue.png 预览]
OK   screenshots/step_080.png     截图 [E1 结果：100pt 移动后停住 1.5s 未退出，松手后翻到了 video120.mp4]
OK   screenshots/step_081.png     点击 [坐标@(603,1000)]
OK   screenshots/step_082.png     点击 [坐标@(105,270)]
OK   screenshots/step_083.png     等到 [MP4, 5s]
OK   screenshots/step_084.png     点击 [坐标@(217,613)]
OK   screenshots/step_085.png     等到 [img3-blue.png, 5s]
OK   screenshots/step_086.png     点击 [坐标@(217,613)]
OK   screenshots/step_087.png     等到 [img3-blue.png, 5s]
OK   screenshots/step_088.png     点击 [坐标@(217,613)]
OK   screenshots/step_089.png     等到 [img3-blue.png, 5s]
OK   screenshots/step_090.png     点击 [坐标@(217,613)]
OK   screenshots/step_091.png     等到 [img3-blue.png, 5s]
OK   screenshots/step_092.png     点击 [坐标@(217,613)]
OK   screenshots/step_093.png     等到 [img3-blue.png, 5s]
OK   screenshots/step_094.png     点击 [坐标@(603,1000)]
OK   screenshots/step_095.png     点击 [坐标@(105,270)]
FAIL screenshots/step_096.png     等到 [MP4, 5s]  !! 脚本执行错误: 等到「MP4」超时（5s）：它没有出现，或者在视口外（先 滚动查找）
OK   screenshots/step_097.png     点击 [坐标@(603,1000)]
OK   screenshots/step_098.png     等待 [1s]
OK   screenshots/step_099.png     点击 [坐标@(105,270)]
OK   screenshots/step_100.png     等到 [MP4, 8s]
OK   screenshots/step_101.png     点击 [坐标@(217,613)]
OK   screenshots/step_102.png     等到 [img3-blue.png, 5s]
OK   screenshots/step_103.png     点击 [坐标@(603,1000)]
OK   screenshots/step_104.png     等待 [1s]
OK   screenshots/step_105.png     点击 [坐标@(105,270)]
FAIL screenshots/step_106.png     等到 [MP4, 8s]  !! 脚本执行错误: 等到「MP4」超时（8s）：它没有出现，或者在视口外（先 滚动查找）
OK   screenshots/step_107.png     点击 [坐标@(217,613)]
FAIL screenshots/step_108.png     等到 [img3-blue.png, 5s]  !! 脚本执行错误: 等到「img3-blue.png」超时（5s）：它没有出现，或者在视口外（先 滚动查找）
OK   screenshots/step_109.png     点击 [坐标@(603,1000)]
OK   screenshots/step_110.png     等待 [1s]
OK   screenshots/step_111.png     点击 [坐标@(105,270)]
OK   screenshots/step_112.png     等到 [MP4, 8s]
OK   screenshots/step_113.png     点击 [坐标@(217,613)]
OK   screenshots/step_114.png     等到 [img3-blue.png, 5s]
OK   screenshots/step_115.png     点击 [坐标@(603,1000)]
OK   screenshots/step_116.png     等待 [1s]
OK   screenshots/step_117.png     点击 [坐标@(105,270)]
FAIL screenshots/step_118.png     等到 [MP4, 8s]  !! 脚本执行错误: 等到「MP4」超时（8s）：它没有出现，或者在视口外（先 滚动查找）
OK   screenshots/step_119.png     点击 [坐标@(217,613)]
FAIL screenshots/step_120.png     等到 [img3-blue.png, 5s]  !! 脚本执行错误: 等到「img3-blue.png」超时（5s）：它没有出现，或者在视口外（先 滚动查找）
OK   screenshots/step_121.png     点击 [坐标@(603,1000)]
OK   screenshots/step_122.png     等待 [1s]
OK   screenshots/step_123.png     点击 [坐标@(105,270)]
OK   screenshots/step_124.png     等到 [MP4, 8s]
OK   screenshots/step_125.png     点击 [坐标@(217,613)]
OK   screenshots/step_126.png     等到 [img3-blue.png, 5s]
OK   screenshots/step_127.png     阶段 [边界：视频 seek 拖动后手指停住 >0.55s 会不会误退出]
OK   screenshots/step_128.png     点击 [坐标@(603,1000)]
OK   screenshots/step_129.png     等待 [1s]
OK   screenshots/step_130.png     点击 [坐标@(105,270)]
OK   screenshots/step_131.png     等到 [MP4, 8s]
OK   screenshots/step_132.png     点击 [坐标@(603,999)]
OK   screenshots/step_133.png     等到 [video120.mp4, 8s]
OK   screenshots/step_134.png     等待 [2s]
OK   screenshots/step_135.png     点击 [坐标@(603,1000)]
OK   screenshots/step_136.png     等待 [1s]
OK   screenshots/step_137.png     点击 [坐标@(105,270)]
OK   screenshots/step_138.png     等到 [MP4, 8s]
OK   screenshots/step_139.png     点击 [坐标@(603,999)]
OK   screenshots/step_140.png     等到 [video120.mp4, 8s]
OK   screenshots/step_141.png     等待 [2s]
OK   screenshots/step_142.png     点击 [坐标@(603,1000)]
OK   screenshots/step_143.png     等待 [1s]
OK   screenshots/step_144.png     点击 [坐标@(105,270)]
OK   screenshots/step_145.png     等到 [MP4, 8s]
OK   screenshots/step_146.png     点击 [坐标@(603,999)]
OK   screenshots/step_147.png     等到 [video120.mp4, 8s]
OK   screenshots/step_148.png     等待 [2s]
OK   screenshots/step_149.png     点击 [坐标@(603,1000)]
OK   screenshots/step_150.png     等待 [1s]
OK   screenshots/step_151.png     点击 [坐标@(105,270)]
OK   screenshots/step_152.png     等到 [MP4, 8s]
OK   screenshots/step_153.png     点击 [坐标@(603,999)]
OK   screenshots/step_154.png     等到 [video120.mp4, 8s]
OK   screenshots/step_155.png     等待 [2s]
OK   screenshots/step_156.png     点击 [坐标@(603,999)]
OK   screenshots/step_157.png     等到 [video120.mp4, 8s]
OK   screenshots/step_158.png     等待 [2s]
OK   screenshots/step_159.png     点击 [坐标@(603,1000)]
OK   screenshots/step_160.png     等待 [1s]
OK   screenshots/step_161.png     点击 [坐标@(105,270)]
OK   screenshots/step_162.png     等到 [MP4, 8s]
OK   screenshots/step_163.png     点击 [坐标@(603,999)]
OK   screenshots/step_164.png     等到 [video120.mp4, 8s]
OK   screenshots/step_165.png     等待 [2s]
OK   screenshots/step_166.png     点击 [坐标@(217,613)]
OK   screenshots/step_167.png     等到 [img3-blue.png, 5s]
OK   screenshots/step_168.png     点击 [坐标@(217,613)]
OK   screenshots/step_169.png     等到 [img3-blue.png, 5s]
OK   screenshots/step_170.png     点击 [坐标@(217,613)]
OK   screenshots/step_171.png     等到 [img3-blue.png, 5s]
OK   screenshots/step_172.png     点击 [坐标@(217,613)]
OK   screenshots/step_173.png     等到 [img3-blue.png, 5s]
OK   screenshots/step_174.png     点击 [坐标@(603,1000)]
OK   screenshots/step_175.png     等待 [1s]
OK   screenshots/step_176.png     点击 [坐标@(105,270)]
FAIL screenshots/step_177.png     等到 [MP4, 8s]  !! 脚本执行错误: 等到「MP4」超时（8s）：它没有出现，或者在视口外（先 滚动查找）
OK   screenshots/step_178.png     点击 [坐标@(217,613)]
FAIL screenshots/step_179.png     等到 [img3-blue.png, 5s]  !! 脚本执行错误: 等到「img3-blue.png」超时（5s）：它没有出现，或者在视口外（先 滚动查找）
OK   screenshots/step_180.png     点击 [坐标@(603,1000)]
OK   screenshots/step_181.png     等待 [1s]
OK   screenshots/step_182.png     点击 [坐标@(105,270)]
OK   screenshots/step_183.png     等到 [MP4, 8s]
OK   screenshots/step_184.png     点击 [坐标@(217,613)]
OK   screenshots/step_185.png     等到 [img3-blue.png, 5s]
OK   screenshots/step_186.png     阶段 [边界：放大态慢速平移后手指停住]
OK   screenshots/step_187.png     点击 [坐标@(603,1000)]
OK   screenshots/step_188.png     等待 [1s]
OK   screenshots/step_189.png     点击 [坐标@(105,270)]
FAIL screenshots/step_190.png     等到 [MP4, 8s]  !! 脚本执行错误: 等到「MP4」超时（8s）：它没有出现，或者在视口外（先 滚动查找）
OK   screenshots/step_191.png     点击 [坐标@(217,613)]
FAIL screenshots/step_192.png     等到 [img3-blue.png, 5s]  !! 脚本执行错误: 等到「img3-blue.png」超时（5s）：它没有出现，或者在视口外（先 滚动查找）
OK   screenshots/step_193.png     点击 [坐标@(217,613)]
OK   screenshots/step_194.png     等到 [img3-blue.png, 5s]
OK   screenshots/step_195.png     点击 [坐标@(217,613)]
OK   screenshots/step_196.png     等到 [img3-blue.png, 5s]
